<html>
  <head>
    <title>Test</title>
  </head>
  <body>
    <div>goodbye earth</div>
    goodbye
    earth
  </body>
</html>
